<html>
<body>
<pre>
<h1>µVision Build Log</h1>
<h2>Tool Versions:</h2>
IDE-Version: ¦ÌVision V5.37.0.0
Copyright (C) 2022 ARM Ltd and ARM Germany GmbH. All rights reserved.
License Information: ye ysq1987403812@outlook.com, whu, LIC=MPPLD-8NY7M-QDRKD-8SC1S-4SU4Q-8FY0H
 
Tool Versions:
Toolchain:       MDK-ARM Plus  Version: 5.37.0.0
Toolchain Path:  E:\app\Keil\ARM\ARMCLANG\Bin
C Compiler:      ArmClang.exe V6.18
Assembler:       Armasm.exe V6.18
Linker/Locator:  ArmLink.exe V6.18
Library Manager: ArmAr.exe V6.18
Hex Converter:   FromElf.exe V6.18
CPU DLL:         SARMCM3.DLL V5.37.0.0
Dialog DLL:      DCM.DLL V1.17.5.0
Target DLL:      STLink\ST-LINKIII-KEIL_SWO.dll V3.0.9.0
Dialog DLL:      TCM.DLL V1.56.1.0
 
<h2>Project:</h2>
E:\RC_EC\keil_8-11\MDK-ARM\keil_8-11.uvprojx
Project File Date:  08/11/2026

<h2>Output:</h2>
*** Using Compiler 'V6.18', folder: 'E:\app\Keil\ARM\ARMCLANG\Bin'
Build target 'keil_8-11'
../User/Src/switch_sm.c(1): warning: In file included from...
../User/Inc\switch_sm.h(1): warning: '__SWITCH_SM_H' is used as a header guard here, followed by #define of a different macro [-Wheader-guard]
#ifndef __SWITCH_SM_H
        ^~~~~~~~~~~~~
../User/Inc\switch_sm.h(2): note: '__SWITCH_SW_H' is defined here; did you mean '__SWITCH_SM_H'?
#define __SWITCH_SW_H
        ^~~~~~~~~~~~~
        __SWITCH_SM_H
1 warning generated.
compiling switch_sm.c...
linking...
Program Size: Code=7354 RO-data=466 RW-data=12 ZI-data=1884  
FromELF: creating hex file...
"keil_8-11\keil_8-11.axf" - 0 Error(s), 1 Warning(s).

<h2>Software Packages used:</h2>

Package Vendor: ARM
                http://www.keil.com/pack/ARM.CMSIS.5.9.0.pack
                ARM.CMSIS.5.9.0
                CMSIS (Common Microcontroller Software Interface Standard)
   * Component: CORE Version: 5.6.0

Package Vendor: Keil
                https://www.keil.com/pack/Keil.STM32F4xx_DFP.3.1.1.pack
                Keil.STM32F4xx_DFP.3.1.1
                STMicroelectronics STM32F4 Series Device Support

<h2>Collection of Component include folders:</h2>
  ./RTE/_keil_8-11
  E:/app/Keil/keil_pack/ARM/CMSIS/5.9.0/CMSIS/Core/Include

<h2>Collection of Component Files used:</h2>

   * Component: ARM::CMSIS:CORE:5.6.0
      Include file:  CMSIS/Core/Include/tz_context.h
Build Time Elapsed:  00:00:01
</pre>
</body>
</html>
